// Jest Snapshot v1, https://goo.gl/fbAQLP

exports[`HomePage Renders properly  1`] = `
<div
  className="App"
>
  <NavBar />
  <div
    className="jumbotron"
  >
    <div
      className="container"
    >
      <div
        className="row"
      >
        <div
          className="col-md-6"
        >
          <div
            className="well"
          >
            <h1
              className="App-title"
            >
              Welcome foodie,
            </h1>
            <p
              className="lead"
            >
              Yummy Recipes is a platform for you to keep track of your awesome recipes and share with others if you so wish.
            </p>
          </div>
        </div>
        <div
          className="col-md-3"
        >
          <div
            className="well"
          >
            <h3>
              New foodie?
            </h3>
            <a
              className="btn btn-outline-primary btn-block"
              href="/signup"
            >
              Sign Up
            </a>
          </div>
        </div>
        <div
          className="col-md-3"
        >
          <div
            className="well"
          >
            <h3>
              Returning foodie?
            </h3>
            <a
              className="btn btn-outline-success btn-block"
              href="/login"
            >
              Login
            </a>
          </div>
        </div>
      </div>
    </div>
  </div>
  <Footer />
</div>
`;
