// Jest Snapshot v1, https://goo.gl/fbAQLP

exports[`Login Renders properly without crashing 1`] = `
<div>
  <form
    className="auth-form needs-validation"
  >
    <div
      className="form-group"
    >
      <label
        className="control-label"
      >
        Email
      </label>
      <input
        autoComplete="current_email"
        className="form-control"
        name="email"
        placeholder="john.doe@user.com"
        required={true}
        type="email"
      />
      <div
        className="valid-feedback"
      >
        Ok
      </div>
      <div
        className="invalid-feedback"
      >
        Please enter a valid email address.
      </div>
    </div>
    <div
      className="form-group"
    >
      <label
        className="control-label"
      >
        Password
      </label>
      <input
        autoComplete="current_password"
        className="form-control"
        name="password"
        placeholder="Password"
        required={true}
        type="password"
      />
      <div
        className="valid-feedback"
      >
        Ok
      </div>
      <div
        className="invalid-feedback"
      >
        Please enter a password.
      </div>
    </div>
    <div
      className="form-group"
    >
      <button
        className="btn btn-primary btn-lg"
      >
        Login
      </button>
    </div>
  </form>
</div>
`;
