// Jest Snapshot v1, https://goo.gl/fbAQLP

exports[`SignUp form Renders properly without crashing 1`] = `
<div>
  <ToastContainer
    autoClose={5000}
    bodyClassName={null}
    className={null}
    closeButton={
      <DefaultCloseButton
        ariaLabel="close"
      />
    }
    closeOnClick={true}
    hideProgressBar={false}
    newestOnTop={false}
    pauseOnHover={true}
    position="top-right"
    progressClassName={null}
    rtl={false}
    style={null}
    toastClassName={null}
    transition={[Function]}
  />
  <form
    className="auth-form"
    onSubmit={[Function]}
  >
    <div
      className="form-group"
    >
      <label
        className="control-label"
      >
        Username
      </label>
      <input
        autoComplete="current_username"
        className="form-control"
        name="username"
        onChange={[Function]}
        placeholder="John"
        required={true}
        type="text"
        value=""
      />
    </div>
    <div
      className="form-group"
    >
      <label
        className="control-label"
      >
        Email
      </label>
      <input
        autoComplete="current_email"
        className="form-control"
        name="email"
        onChange={[Function]}
        placeholder="john.doe@user.com"
        required={true}
        type="email"
        value=""
      />
    </div>
    <div
      className="form-group"
    >
      <label
        className="control-label"
      >
        Password
      </label>
      <input
        autoComplete="current_password"
        className="form-control"
        name="password"
        onChange={[Function]}
        placeholder="Password"
        required={true}
        type="password"
        value=""
      />
    </div>
    <div
      className="form-group"
    >
      <label
        className="control-label"
      >
        Confirm Password
      </label>
      <input
        autoComplete="current_password"
        className="form-control"
        name="confirmPassword"
        onChange={[Function]}
        placeholder="Confirm Password"
        required={true}
        type="password"
        value=""
      />
    </div>
    <span
      className="text-muted"
      style={
        Object {
          "fontSize": "9px",
          "paddingBottom": "10% !important",
        }
      }
    >
      Password should contain at least one special character, One digit and one uppercase and lowercase letter. Password should not be less than 8 characters long
    </span>
    <div
      className="form-group"
    >
      <button
        className="btn btn-primary btn-block"
        id="submitInfo"
        onClick={[Function]}
      >
        Sign Up
      </button>
    </div>
    <div
      className="well"
    >
      <span>
        Already have an account? 
        <a
          href="/login"
        >
          Login
        </a>
      </span>
    </div>
  </form>
</div>
`;
