// Jest Snapshot v1, https://goo.gl/fbAQLP

exports[`CategoriesModal Renders properly  1`] = `
<div
  className="modal fade show"
  id="categoryAddModal"
  role="dialog"
  style={
    Object {
      "display": undefined,
    }
  }
  tabIndex="-1"
>
  <div
    className="modal-dialog"
    role="document"
  >
    <div
      className="modal-content"
    >
      <div
        className="modal-header"
      >
        <h5
          className="modal-title"
          id="categoryModalLabel"
        >
          Add Recipe Category
        </h5>
        <button
          className="close"
          type="button"
        >
          <span
            aria-hidden="true"
          >
            Ã—
          </span>
        </button>
      </div>
      <form>
        <div
          className="modal-body"
        >
          <div
            className="form-group"
          >
            <dt>
              <label
                className="text-primary text-regular"
                htmlFor="categoryName"
              >
                Name
              </label>
            </dt>
            <dd>
              <input
                className="form-control"
                id="categoryName"
                name="categoryName"
                placeholder="Category name"
                required={true}
                type="text"
              />
            </dd>
            <dt>
              <label
                className="text-primary text-regular"
                htmlFor="categoryDescription"
              >
                Description
              </label>
            </dt>
            <dd>
              <textarea
                className="form-control"
                id="categoryDescription"
                name="categoryDescription"
                placeholder="A slight description"
                required={true}
              />
            </dd>
          </div>
        </div>
        <div
          className="modal-footer"
        >
          <button
            className="btn btn-secondary"
            type="button"
          >
            Close
          </button>
          <button
            className="btn btn-primary"
            type="submit"
          >
            Add Category
          </button>
        </div>
      </form>
    </div>
  </div>
</div>
`;
