// Jest Snapshot v1, https://goo.gl/fbAQLP

exports[`RecipesTable Renders properly  1`] = `
<Component
  categoryId={1}
  data={
    Array [
      Object {
        "description": "some decription",
        "ingredients": "some ingredient",
        "name": "some cookie",
      },
    ]
  }
>
  <div>
    <div
      className="row"
    >
      <AddRecipeButton
        categoryId={1}
      >
        <div
          className="col-md-2"
        >
          <div
            className="well"
          >
            <button
              className="btn btn-outline-primary btn-block"
              id={1}
            >
              Add Recipe
            </button>
          </div>
        </div>
      </AddRecipeButton>
      <Component
        scope="Recipe Name"
      >
        <div
          className="col-md-10"
        >
          <form
            className="form-row align-items-center"
          >
            <div
              className="form-group mx-sm-3 mb-2 col-9"
            >
              <input
                className="form-control"
                name="queryString"
                placeholder="Recipe Name"
                type="text"
              />
            </div>
            <button
              className="btn btn-primary mb-2"
              type="submit"
            >
              Search
            </button>
          </form>
        </div>
      </Component>
    </div>
    <Table
      bordered={false}
      bsClass="table"
      condensed={false}
      hover={false}
      responsive={false}
      striped={false}
    >
      <table
        className="table"
      >
        <thead>
          <tr>
            <th>
              Name
            </th>
            <th>
              Ingredients
            </th>
            <th>
              Description
            </th>
            <th>
              Action
            </th>
          </tr>
        </thead>
        <tbody>
          <tr
            key="0"
          >
            <td>
              some cookie
            </td>
            <td>
              some ingredient
            </td>
            <td>
              some decription
            </td>
            <td>
              <div
                className="btn-group"
              >
                <button
                  className="btn btn-success btn-sm"
                  data-target="#editsome cookie"
                  data-toggle="modal"
                  name="some cookie"
                  style={
                    Object {
                      "marginRight": "5px",
                    }
                  }
                >
                  Edit Recipe
                </button>
                <button
                  className="btn btn-danger btn-sm"
                  data-target="#some cookie"
                  data-toggle="modal"
                  name="some cookie"
                >
                  Delete Recipe
                </button>
              </div>
            </td>
          </tr>
        </tbody>
      </table>
    </Table>
    <Component>
      <nav
        aria-label="Page navigation"
      >
        <ul
          className="pagination justify-content-center"
        />
      </nav>
    </Component>
  </div>
</Component>
`;
