// Jest Snapshot v1, https://goo.gl/fbAQLP

exports[`RecipesAddModal Renders properly  1`] = `
<div
  className="modal fade show"
  id="addToundefined"
  style={
    Object {
      "display": undefined,
    }
  }
>
  <div
    className="modal-dialog"
    role="document"
  >
    <div
      className="modal-content"
    >
      <div
        className="modal-header"
      >
        <h5
          className="modal-title"
          id="categoryModalLabel"
        >
          Add Recipe
        </h5>
        <button
          className="close"
          type="button"
        >
          <span
            aria-hidden="true"
          >
            Ã—
          </span>
        </button>
      </div>
      <form
        className=""
      >
        <div
          className="modal-body"
        >
          <div
            className="form-group"
          >
            <dt>
              <label
                className="text-primary text-regular"
                htmlFor="recipeName"
              >
                Name
              </label>
            </dt>
            <dd>
              <input
                className="form-control"
                id="recipeName"
                name="recipeName"
                placeholder="Recipe Name"
                required={true}
                type="text"
              />
            </dd>
            <dt>
              <label
                className="text-primary text-regular"
                htmlFor="recipeIngredients"
              >
                ingredients
              </label>
            </dt>
            <dd>
              <textarea
                className="form-control"
                id="recipeIngredients"
                name="recipeIngredients"
                placeholder="Some ingredients this recipe requires"
                required={true}
              />
            </dd>
            <dt>
              <label
                className="text-primary text-regular"
                htmlFor="recipeDescription"
              >
                Description
              </label>
            </dt>
            <dd>
              <textarea
                className="form-control"
                id="recipeDescription"
                name="recipeDescription"
                placeholder="A slight description: preparation and serving"
                required={true}
              />
            </dd>
          </div>
        </div>
        <div
          className="modal-footer"
        >
          <button
            className="btn btn-secondary"
            type="button"
          >
            Close
          </button>
          <button
            className="btn btn-primary"
            type="submit"
          >
            Add Recipe
          </button>
        </div>
      </form>
    </div>
  </div>
</div>
`;
