// Jest Snapshot v1, https://goo.gl/fbAQLP

exports[`RecipesEditModal Renders properly  1`] = `
<div
  className="modal"
  id="editundefined"
  role="dialog"
  style={
    Object {
      "display": undefined,
    }
  }
  tabIndex="-1"
>
  <div
    className="modal-dialog"
    role="document"
  >
    <div
      className="modal-content"
    >
      <div
        className="modal-header"
      >
        <h5
          className="modal-title"
          id="categoryModalLabel"
        >
          Edit Recipe
        </h5>
        <button
          className="close"
          type="button"
        >
          <span
            aria-hidden="true"
          >
            Ã—
          </span>
        </button>
      </div>
      <form>
        <div
          className="modal-body"
        >
          <div
            className="form-group"
          >
            <dt>
              <label
                className="text-primary text-regular"
                htmlFor="recipeName"
              >
                Name
              </label>
            </dt>
            <dd>
              <input
                className="form-control"
                name="recipeName"
              />
            </dd>
            <dt>
              <label
                className="text-primary text-regular"
                htmlFor="recipeIngredients"
              >
                Ingredients
              </label>
            </dt>
            <dd>
              <textarea
                className="form-control"
                name="recipeIngredients"
              />
            </dd>
            <dt>
              <label
                className="text-primary text-regular"
                htmlFor="recipeDescription"
              >
                Description
              </label>
            </dt>
            <dd>
              <textarea
                className="form-control"
                name="recipeDescription"
              />
            </dd>
          </div>
        </div>
        <div
          className="modal-footer"
        >
          <button
            className="btn btn-secondary"
            type="button"
          >
            Close
          </button>
          <button
            className="btn btn-success"
            type="submit"
          >
            Update Category
          </button>
        </div>
      </form>
    </div>
  </div>
</div>
`;
