// Jest Snapshot v1, https://goo.gl/fbAQLP

exports[`Login Renders properly 1`] = `
<div
  className="modal fade show"
  role="dialog"
  style={
    Object {
      "display": undefined,
    }
  }
  tabIndex="-1"
>
  <div
    className="modal-dialog"
    role="document"
  >
    <div
      className="modal-content"
    >
      <div
        className="modal-header"
      >
        <h5
          className="modal-title"
        >
          Are you sure you want to delete this 
          ?
        </h5>
        <button
          className="close"
          type="button"
        >
          <span
            aria-hidden="true"
          >
            Ã—
          </span>
        </button>
      </div>
      <div
        className="modal-body"
      >
        <p />
      </div>
      <div
        className="modal-footer"
      >
        <button
          className="btn btn-secondary"
          type="button"
        >
          Close
        </button>
        <button
          className="btn btn-danger"
          type="button"
        >
          Delete
        </button>
      </div>
    </div>
  </div>
</div>
`;
